******************************************************************************
                  TI ARM Linker PC v18.1.4                     
******************************************************************************
>> Linked Sun Feb 17 18:32:27 2019

OUTPUT FILE NAME:   <gpiointerrupt_MSP_EXP432P401R_freertos_ccs.out>
ENTRY POINT SYMBOL: "resetISR"  address: 00004261


MEMORY CONFIGURATION

         name            origin    length      used     unused   attr    fill
----------------------  --------  ---------  --------  --------  ----  --------
  MAIN                  00000000   00040000  00004524  0003badc  R  X
  INFO                  00200000   00004000  00000000  00004000  R  X
  SRAM_CODE             01000000   00010000  000090b2  00006f4e  RW X
  SRAM_DATA             20000000   00010000  000090b2  00006f4e  RW  


SEGMENT ALLOCATION MAP

run origin  load origin   length   init length attrs members
----------  ----------- ---------- ----------- ----- -------
00000000    00000000    00004528   00004528    r-x
  00000000    00000000    00000144   00000144    r-- .intvecs
  00000144    00000144    0000423a   0000423a    r-x .text
  00004380    00004380    000000be   000000be    r-- .const
  00004440    00004440    000000e8   000000e8    r-- .cinit
20000000    20000000    00008bca   00000000    rw-
  20000000    20000000    000081a8   00000000    rw- .bss
  200081a8    200081a8    00000a22   00000000    rw- .data
20008c00    20008c00    000000e8   00000000    rw-
  20008c00    20008c00    000000e8   00000000    rw- .vtable
2000fc00    2000fc00    00000400   00000000    rw-
  2000fc00    2000fc00    00000400   00000000    rw- .stack


SECTION ALLOCATION MAP

 output                                  attributes/
section   page    origin      length       input sections
--------  ----  ----------  ----------   ----------------
.text      0    00000144    0000423a     
                  00000144    000002f8     drivers_msp432p401x.aem4f : PowerMSP432.oem4f (.text:Power_sleep)
                  0000043c    00000278                               : PowerMSP432.oem4f (.text:initPerfControl)
                  000006b4    000001e0     freertos_builds_MSP_EXP432P401R_release_ccs.lib : queue.obj (.text:xQueueGenericReceive)
                  00000894    000001b8                                                     : queue.obj (.text:xQueueGenericSend)
                  00000a4c    00000178     drivers_msp432p401x.aem4f : GPIOMSP432.oem4f (.text:GPIO_setConfig)
                  00000bc4    00000178     freertos_builds_MSP_EXP432P401R_release_ccs.lib : heap_4.obj (.text:pvPortMalloc)
                  00000d3c    00000138                                                     : pthread.obj (.text:pthread_create)
                  00000e74    00000138                                                     : tasks.obj (.text:xTaskIncrementTick)
                  00000fac    0000011c                                                     : tasks.obj (.text:prvInitialiseNewTask)
                  000010c8    0000011c                                                     : tasks.obj (.text:xTaskResumeAll)
                  000011e4    00000118                                                     : timers.obj (.text:prvProcessReceivedCommands)
                  000012fc    00000104     msp432p4xx_driverlib.lib : cs.o (.text:_CSComputeCLKFrequency)
                  00001400    00000102     freertos_builds_MSP_EXP432P401R_release_ccs.lib : queue.obj (.text:xQueueGenericSendFromISR)
                  00001502    00000002                                                     : PowerMSP432_freertos.obj (.text:PowerMSP432_initPolicy)
                  00001504    000000f8     msp432p4xx_driverlib.lib : cs.o (.text:CS_getDCOFrequency)
                  000015fc    000000f8     freertos_builds_MSP_EXP432P401R_release_ccs.lib : tasks.obj (.text:vTaskDelete)
                  000016f4    000000ee                                                     : queue.obj (.text:xQueueGiveFromISR)
                  000017e2    00000002                                                     : startup_msp432_ccs.obj (.text:defaultISR)
                  000017e4    000000e8                                                     : tasks.obj (.text:vTaskSuspend)
                  000018cc    000000e4     msp432p4xx_driverlib.lib : cs.o (.text:CS_startHFXTWithTimeout)
                  000019b0    000000e0                              : cs.o (.text:CS_startLFXTWithTimeout)
                  00001a90    000000e0     freertos_builds_MSP_EXP432P401R_release_ccs.lib : tasks.obj (.text:xTaskPriorityDisinherit)
                  00001b70    000000dc     msp432p4xx_driverlib.lib : cs.o (.text:_CSGetHFXTFrequency)
                  00001c4c    000000dc     freertos_builds_MSP_EXP432P401R_release_ccs.lib : tasks.obj (.text:vTaskSwitchContext)
                  00001d28    000000d6                                                     : queue.obj (.text:xQueueReceiveFromISR)
                  00001dfe    00000002                                                     : startup_msp432_ccs.obj (.text:faultISR)
                  00001e00    000000d2                                                     : portasm.obj (.text)
                  00001ed2    00000002                                                     : startup_msp432_ccs.obj (.text:nmiISR)
                  00001ed4    000000c8                                                     : tasks.obj (.text:vTaskPriorityInherit)
                  00001f9c    000000c4                                                     : tasks.obj (.text:prvAddNewTaskToReadyList)
                  00002060    000000be                                                     : queue.obj (.text:prvCopyDataToQueue)
                  0000211e    00000002     main_freertos.obj (.text:vApplicationMallocFailedHook)
                  00002120    000000bc     freertos_builds_MSP_EXP432P401R_release_ccs.lib : heap_4.obj (.text:prvHeapInit)
                  000021dc    000000b8                                                     : timers.obj (.text:prvSwitchTimerLists)
                  00002294    000000b8                                                     : queue.obj (.text:xQueueGenericReset)
                  0000234c    000000b0                                                     : tasks.obj (.text:prvAddCurrentTaskToDelayedList)
                  000023fc    000000ac     drivers_msp432p401x.aem4f : GPIOMSP432.oem4f (.text:GPIO_init)
                  000024a8    000000ac     freertos_builds_MSP_EXP432P401R_release_ccs.lib : port.obj (.text:xPortStartScheduler)
                  00002554    000000ac                                                     : tasks.obj (.text:xTaskCheckForTimeOut)
                  00002600    000000aa                                                     : queue.obj (.text:prvUnlockQueue)
                  000026aa    00000002     --HOLE-- [fill = 0]
                  000026ac    000000a8                                                     : heap_4.obj (.text:prvInsertBlockIntoFreeList)
                  00002754    000000a8                                                     : tasks.obj (.text:xTaskRemoveFromEventList)
                  000027fc    0000009c     drivers_msp432p401x.aem4f : PowerMSP432.oem4f (.text:Power_init)
                  00002898    0000009c     rtsv7M4_T_le_v4SPD16_eabi.lib : memcpy_t2.asm.obj (.text)
                  00002934    0000009c     freertos_builds_MSP_EXP432P401R_release_ccs.lib : heap_4.obj (.text:vPortFree)
                  000029d0    00000094     msp432p4xx_driverlib.lib : sysctl_a.o (.text:SysCtl_A_getTLVInfo)
                  00002a64    00000094     freertos_builds_MSP_EXP432P401R_release_ccs.lib : tasks.obj (.text:vTaskStartScheduler)
                  00002af8    00000084                                                     : timers.obj (.text:prvProcessTimerOrBlockTask)
                  00002b7c    00000084     drivers_msp432p401x.aem4f : PowerMSP432.oem4f (.text:restartHFXT)
                  00002c00    00000084     freertos_builds_MSP_EXP432P401R_release_ccs.lib : timers.obj (.text:xTimerGenericCommand)
                  00002c84    00000080     msp432p4xx_driverlib.lib : interrupt.o (.text:Interrupt_enableInterrupt)
                  00002d04    0000007c                              : cs.o (.text:_CSGetDOCFrequency)
                  00002d80    0000007a     freertos_builds_MSP_EXP432P401R_release_ccs.lib : pthread.obj (.text:removeThreadKeys)
                  00002dfa    0000007a     rtsv7M4_T_le_v4SPD16_eabi.lib : memset_t2.asm.obj (.text)
                  00002e74    0000007a     freertos_builds_MSP_EXP432P401R_release_ccs.lib : tasks.obj (.text:xTaskCreate)
                  00002eee    00000002     --HOLE-- [fill = 0]
                  00002ef0    00000078                                                     : timers.obj (.text:prvInsertTimerInActiveList)
                  00002f68    00000074                                                     : tasks.obj (.text:prvInitialiseTaskLists)
                  00002fdc    00000074                                                     : port.obj (.text:vPortValidateInterruptPriority)
                  00003050    00000070                                                     : timers.obj (.text:prvProcessExpiredTimer)
                  000030c0    00000068     drivers_msp432p401x.aem4f : GPIOMSP432.oem4f (.text:GPIO_hwiIntFxn)
                  00003128    00000068     rtsv7M4_T_le_v4SPD16_eabi.lib : copy_decompress_lzss.c.obj (.text:decompress:lzss:__TI_decompress_lzss)
                  00003190    00000068     freertos_builds_MSP_EXP432P401R_release_ccs.lib : tasks.obj (.text:prvCheckTasksWaitingTermination)
                  000031f8    00000068                                                     : port.obj (.text:vPortSetupTimerInterrupt)
                  00003260    00000066                                                     : list.obj (.text:vListInsert)
                  000032c6    00000066                                                     : queue.obj (.text:xQueueGenericCreate)
                  0000332c    00000064     main_freertos.obj (.text:main)
                  00003390    00000064     freertos_builds_MSP_EXP432P401R_release_ccs.lib : tasks.obj (.text:prvGetExpectedIdleTime)
                  000033f4    00000062     msp432p4xx_driverlib.lib : cs.o (.text:_CSGetDividerValue)
                  00003456    00000002     --HOLE-- [fill = 0]
                  00003458    00000060     freertos_builds_MSP_EXP432P401R_release_ccs.lib : HwiPMSP432_freertos.obj (.text:HwiP_create)
                  000034b8    00000060                                                     : port.obj (.text:pxPortInitialiseStack)
                  00003518    0000005c     drivers_msp432p401x.aem4f : GPIOMSP432.oem4f (.text:GPIO_write)
                  00003574    0000005c     msp432p4xx_driverlib.lib : interrupt.o (.text:Interrupt_registerInterrupt)
                  000035d0    0000005c     gpiointerrupt.obj (.text:mainThread)
                  0000362c    0000005c     freertos_builds_MSP_EXP432P401R_release_ccs.lib : tasks.obj (.text:prvIdleTask)
                  00003688    0000005c                                                     : pthread.obj (.text:pthread_exit)
                  000036e4    0000005c                                                     : queue.obj (.text:vQueueWaitForMessageRestricted)
                  00003740    00000058     drivers_msp432p401x.aem4f : GPIOMSP432.oem4f (.text:GPIO_setCallback)
                  00003798    00000054     msp432p4xx_driverlib.lib : interrupt.o (.text:Interrupt_setPriority)
                  000037ec    00000054     freertos_builds_MSP_EXP432P401R_release_ccs.lib : timers.obj (.text:xTimerCreateTimerTask)
                  00003840    0000004c                                                     : timers.obj (.text:prvCheckForValidListAndQueue)
                  0000388c    0000004c                                                     : port.obj (.text:vPortEnterCritical)
                  000038d8    00000048                                                     : HwiPMSP432_freertos.obj (.text:HwiP_dispatch)
                  00003920    00000048                                                     : list.obj (.text:uxListRemove)
                  00003968    00000044     rtsv7M4_T_le_v4SPD16_eabi.lib : autoinit.c.obj (.text:__TI_auto_init_nobinit_nopinit:__TI_auto_init_nobinit_nopinit)
                  000039ac    00000044     freertos_builds_MSP_EXP432P401R_release_ccs.lib : queue.obj (.text:prvInitialiseNewQueue)
                  000039f0    00000040                                                     : tasks.obj (.text:vTaskPlaceOnEventListRestricted)
                  00003a30    0000003e                                                     : pthread.obj (.text:pthread_setcancelstate)
                  00003a6e    0000003c                                                     : queue.obj (.text:prvCopyDataFromQueue)
                  00003aaa    00000002     --HOLE-- [fill = 0]
                  00003aac    0000003c                                                     : tasks.obj (.text:prvResetNextTaskUnblockTime)
                  00003ae8    0000003c                                                     : tasks.obj (.text:pvTaskGetThreadLocalStoragePointer)
                  00003b24    0000003c                                                     : list.obj (.text:vListInsertEnd)
                  00003b60    0000003a                                                     : PowerMSP432_freertos.obj (.text:PowerMSP432_sleepPolicy)
                  00003b9a    00000002     --HOLE-- [fill = 0]
                  00003b9c    00000038     drivers_msp432p401x.aem4f : GPIOMSP432.oem4f (.text:GPIO_toggle)
                  00003bd4    00000038     freertos_builds_MSP_EXP432P401R_release_ccs.lib : SemaphoreP_freertos.obj (.text:SemaphoreP_pend)
                  00003c0c    00000038     rtsv7M4_T_le_v4SPD16_eabi.lib : boot_cortex_m.c.obj (.text:_c_int00_noargs:_c_int00_noargs)
                  00003c44    00000038     drivers_msp432p401x.aem4f : PowerMSP432.oem4f (.text:notify)
                  00003c7c    00000038     freertos_builds_MSP_EXP432P401R_release_ccs.lib : timers.obj (.text:prvGetNextExpireTime)
                  00003cb4    00000038                                                     : port.obj (.text:prvTaskExitError)
                  00003cec    00000038                                                     : tasks.obj (.text:vTaskSetTimeOutState)
                  00003d24    00000034     drivers_msp432p401x.aem4f : GPIOMSP432.oem4f (.text:GPIO_enableInt)
                  00003d58    00000034     freertos_builds_MSP_EXP432P401R_release_ccs.lib : timers.obj (.text:prvSampleTimeNow)
                  00003d8c    00000034                                                     : tasks.obj (.text:vTaskPlaceOnEventList)
                  00003dc0    00000030     msp432p4xx_driverlib.lib : cs.o (.text:CS_clearInterruptFlag)
                  00003df0    00000030     freertos_builds_MSP_EXP432P401R_release_ccs.lib : list.obj (.text:vListInitialise)
                  00003e20    00000030                                                     : port.obj (.text:vPortExitCritical)
                  00003e50    00000030                                                     : tasks.obj (.text:xTaskGetSchedulerState)
                  00003e80    0000002c                                                     : HwiPMSP432_freertos.obj (.text:HwiP_disable)
                  00003eac    0000002c                                                     : SemaphoreP_freertos.obj (.text:SemaphoreP_createBinary)
                  00003ed8    0000002c                                                     : tasks.obj (.text:vTaskSetApplicationTaskTag)
                  00003f04    0000002c                                                     : port.obj (.text:xPortSysTickHandler)
                  00003f30    0000002c                                                     : tasks.obj (.text:xTaskGetApplicationTaskTag)
                  00003f5c    00000028     msp432p4xx_driverlib.lib : cs.o (.text:CS_getMCLK)
                  00003f84    00000028     freertos_builds_MSP_EXP432P401R_release_ccs.lib : HwiPMSP432_freertos.obj (.text:HwiP_inISR)
                  00003fac    00000028     drivers_msp432p401x.aem4f : PowerMSP432.oem4f (.text:disableFaultCounter)
                  00003fd4    00000028                               : PowerMSP432.oem4f (.text:disableHFXT)
                  00003ffc    00000028     freertos_builds_MSP_EXP432P401R_release_ccs.lib : pthread.obj (.text:pthread_attr_setschedparam)
                  00004024    00000026                                                     : pthread.obj (.text:_pthread_cleanup_pop)
                  0000404a    00000026                                                     : queue.obj (.text:prvIsQueueFull)
                  00004070    00000024                                                     : queue.obj (.text:vQueueDelete)
                  00004094    00000022                                                     : SemaphoreP_freertos.obj (.text:SemaphoreP_post)
                  000040b6    00000022                                                     : pthread.obj (.text:pthread_attr_setdetachstate)
                  000040d8    00000020     msp432p4xx_driverlib.lib : cs.o (.text:CS_setExternalClockSourceFrequency)
                  000040f8    00000020     freertos_builds_MSP_EXP432P401R_release_ccs.lib : HwiPMSP432_freertos.obj (.text:HwiP_restore)
                  00004118    00000020                                                     : queue.obj (.text:prvIsQueueEmpty)
                  00004138    0000001e                                                     : HwiPMSP432_freertos.obj (.text:HwiP_Params_init)
                  00004156    0000001e                                                     : pthread.obj (.text:_pthread_runStub)
                  00004174    0000001c                                                     : pthread.obj (.text:pthread_attr_init)
                  00004190    0000001c                                                     : tasks.obj (.text:pvTaskIncrementMutexHeldCount)
                  000041ac    0000001a                                                     : PTLS.obj (.text:PTLS_taskDeleteHook)
                  000041c6    0000001a                                                     : timers.obj (.text:prvTimerTask)
                  000041e0    00000018     msp432p4xx_driverlib.lib : sysctl_a.o (.text:SysCtl_A_disableNMISource)
                  000041f8    00000018                              : sysctl_a.o (.text:SysCtl_A_enableNMISource)
                  00004210    00000014     drivers_msp432p401x.aem4f : PowerMSP432.oem4f (.text:Power_idleFunc)
                  00004224    00000014     freertos_builds_MSP_EXP432P401R_release_ccs.lib : tasks.obj (.text:prvDeleteTCB)
                  00004238    00000014                                                     : pthread.obj (.text:pthread_attr_setstacksize)
                  0000424c    00000014                                                     : pthread.obj (.text:pthread_self)
                  00004260    00000014                                                     : startup_msp432_ccs.obj (.text:resetISR)
                  00004274    00000014                                                     : tasks.obj (.text:xTaskGetCurrentTaskHandle)
                  00004288    00000014                                                     : tasks.obj (.text:xTaskGetTickCount)
                  0000429c    00000010     msp432p4xx_driverlib.lib : sysctl_a.o (.text:SysCtl_A_getNMISourceStatus)
                  000042ac    00000010                              : sysctl.o (.text:SysCtl_getNMISourceStatus)
                  000042bc    00000010     freertos_builds_MSP_EXP432P401R_release_ccs.lib : list.obj (.text:vListInitialiseItem)
                  000042cc    00000010                                                     : tasks.obj (.text:vTaskSuspendAll)
                  000042dc    0000000e     rtsv7M4_T_le_v4SPD16_eabi.lib : copy_decompress_none.c.obj (.text:decompress:none:__TI_decompress_none)
                  000042ea    0000000e     gpiointerrupt.obj (.text:gpioButtonFxn0)
                  000042f8    0000000e     gpiointerrupt.obj (.text:gpioButtonFxn1)
                  00004306    0000000c     msp432p4xx_driverlib.lib : cpu.o (.text:CPU_cpsid)
                  00004312    0000000c                              : cpu.o (.text:CPU_cpsie)
                  0000431e    00000002     --HOLE-- [fill = 0]
                  00004320    0000000c     drivers_msp432p401x.aem4f : PowerMSP432.oem4f (.text:Power_getConstraintMask)
                  0000432c    0000000c     freertos_builds_MSP_EXP432P401R_release_ccs.lib : SemaphoreP_freertos.obj (.text:SemaphoreP_delete)
                  00004338    0000000c     rtsv7M4_T_le_v4SPD16_eabi.lib : copy_zero_init.c.obj (.text:decompress:ZI:__TI_zero_init)
                  00004344    0000000c     freertos_builds_MSP_EXP432P401R_release_ccs.lib : tasks.obj (.text:vTaskMissedYield)
                  00004350    0000000a                                                     : PowerMSP432_freertos.obj (.text:PowerMSP432_updateFreqs)
                  0000435a    0000000a     main_freertos.obj (.text:vApplicationStackOverflowHook)
                  00004364    0000000a     freertos_builds_MSP_EXP432P401R_release_ccs.lib : PowerMSP432_freertos.obj (.text:vPortSuppressTicksAndSleep)
                  0000436e    00000008     MSP_EXP432P401R.obj (.text:MSP_EXP432P401R_initGeneral)
                  00004376    00000004     rtsv7M4_T_le_v4SPD16_eabi.lib : pre_init.c.obj (.text:_system_pre_init)
                  0000437a    00000004                                   : exit.c.obj (.text:abort:abort)

.const     0    00004380    000000be     
                  00004380    00000050     msp432p4xx_driverlib.lib : interrupt.o (.const:g_pulRegs)
                  000043d0    00000038     MSP_EXP432P401R.obj (.const:PowerMSP432_config)
                  00004408    00000014     MSP_EXP432P401R.obj (.const:GPIOMSP432_config)
                  0000441c    00000008     freertos_builds_MSP_EXP432P401R_release_ccs.lib : port.obj (.const)
                  00004424    00000008     msp432p4xx_driverlib.lib : interrupt.o (.const:g_pulEnRegs)
                  0000442c    00000006     drivers_msp432p401x.aem4f : GPIOMSP432.oem4f (.const:.string:interruptType)
                  00004432    00000006                               : GPIOMSP432.oem4f (.const:.string:portInterruptIds)
                  00004438    00000004     freertos_builds_MSP_EXP432P401R_release_ccs.lib : pthread.obj (.const)
                  0000443c    00000002                                                     : pthread.obj (.const:.string)

.cinit     0    00004440    000000e8     
                  00004440    000000b4     (.cinit..data.load) [load image, compression = lzss]
                  000044f4    0000000c     (__TI_handler_table)
                  00004500    00000008     (.cinit..bss.load) [load image, compression = zero_init]
                  00004508    00000008     (.cinit..vtable.load) [load image, compression = zero_init]
                  00004510    00000018     (__TI_cinit_table)

.init_array 
*          0    00000000    00000000     UNINITIALIZED

.intvecs   0    00000000    00000144     
                  00000000    00000144     freertos_builds_MSP_EXP432P401R_release_ccs.lib : startup_msp432_ccs.obj (.intvecs:retain)

.bss       0    20000000    000081a8     UNINITIALIZED
                  20000000    00008000     freertos_builds_MSP_EXP432P401R_release_ccs.lib : heap_4.obj (.bss:ucHeap)
                  20008000    000000c8                                                     : tasks.obj (.bss:pxReadyTasksLists)
                  200080c8    00000030     drivers_msp432p401x.aem4f : GPIOMSP432.oem4f (.bss:gpioCallbackInfo)
                  200080f8    00000014     freertos_builds_MSP_EXP432P401R_release_ccs.lib : timers.obj (.bss:xActiveTimerList1)
                  2000810c    00000014                                                     : timers.obj (.bss:xActiveTimerList2)
                  20008120    00000014                                                     : tasks.obj (.bss:xDelayedTaskList1)
                  20008134    00000014                                                     : tasks.obj (.bss:xDelayedTaskList2)
                  20008148    00000014                                                     : tasks.obj (.bss:xPendingReadyList)
                  2000815c    00000014                                                     : tasks.obj (.bss:xSuspendedTaskList)
                  20008170    00000014                                                     : tasks.obj (.bss:xTasksWaitingTermination)
                  20008184    00000008                                                     : tasks.obj (.bss)
                  2000818c    00000008                                                     : timers.obj (.bss)
                  20008194    00000008     msp432p4xx_driverlib.lib : cs.o (.bss)
                  2000819c    00000008     freertos_builds_MSP_EXP432P401R_release_ccs.lib : heap_4.obj (.bss:xStart)
                  200081a4    00000004     drivers_msp432p401x.aem4f : GPIOMSP432.oem4f (.bss)

.data      0    200081a8    00000a22     UNINITIALIZED
                  200081a8    00000800     freertos_builds_MSP_EXP432P401R_release_ccs.lib : HwiPMSP432_freertos.obj (.data:HwiP_dispatchTable)
                  200089a8    00000130     drivers_msp432p401x.aem4f : PowerMSP432.oem4f (.data:PowerMSP432_perfLevels)
                  20008ad8    00000034     freertos_builds_MSP_EXP432P401R_release_ccs.lib : tasks.obj (.data)
                  20008b0c    00000034     MSP_EXP432P401R.obj (.data:gpioPinConfigs)
                  20008b40    0000002c     drivers_msp432p401x.aem4f : PowerMSP432.oem4f (.data:PowerMSP432_module)
                  20008b6c    00000018     freertos_builds_MSP_EXP432P401R_release_ccs.lib : port.obj (.data)
                  20008b84    00000014                                                     : pthread.obj (.data:defaultPthreadAttrs)
                  20008b98    00000010                                                     : heap_4.obj (.data)
                  20008ba8    00000010     MSP_EXP432P401R.obj (.data:gpioCallbackFunctions)
                  20008bb8    0000000c     freertos_builds_MSP_EXP432P401R_release_ccs.lib : timers.obj (.data)
                  20008bc4    00000004                                                     : HwiPMSP432_freertos.obj (.data)
                  20008bc8    00000002     drivers_msp432p401x.aem4f : GPIOMSP432.oem4f (.data)

.vtable    0    20008c00    000000e8     UNINITIALIZED
                  20008c00    000000e8     msp432p4xx_driverlib.lib : interrupt.o (.vtable)

.stack     0    2000fc00    00000400     UNINITIALIZED
                  2000fc00    00000004     rtsv7M4_T_le_v4SPD16_eabi.lib : boot_cortex_m.c.obj (.stack)
                  2000fc04    000003fc     --HOLE--

.binit     0    00000000    00000000     

MODULE SUMMARY

       Module                       code    ro data   rw data
       ------                       ----    -------   -------
    .\
       MSP_EXP432P401R.obj          8       76        136    
       gpiointerrupt.obj            120     0         0      
       main_freertos.obj            112     0         0      
    +--+----------------------------+-------+---------+---------+
       Total:                       240     76        136    
                                                             
    C:/Users/Noah/Documents/College/ECE453/3DPOV/Firmware/Test_Projects/Test1/freertos_builds_MSP_EXP432P401R_release_ccs/Debug/freertos_builds_MSP_EXP432P401R_release_ccs.lib
       heap_4.obj                   888     0         65584  
       tasks.obj                    3942    0         720    
       HwiPMSP432_freertos.obj      314     0         4104   
       queue.obj                    2602    0         0      
       timers.obj                   1254    0         120    
       pthread.obj                  798     6         40     
       port.obj                     712     8         48     
       startup_msp432_ccs.obj       26      324       0      
       list.obj                     298     0         0      
       portasm.obj                  210     0         0      
       SemaphoreP_freertos.obj      146     0         0      
       PowerMSP432_freertos.obj     80      0         0      
       PTLS.obj                     26      0         0      
    +--+----------------------------+-------+---------+---------+
       Total:                       11296   338       70616  
                                                             
    C:/ti/simplelink_msp432p4_sdk_2_40_00_10/source/ti/devices/msp432p4xx/driverlib/ccs/msp432p4xx_driverlib.lib
       cs.o                         1522    0         16     
       interrupt.o                  304     88        464    
       sysctl_a.o                   212     0         0      
       cpu.o                        24      0         0      
       sysctl.o                     16      0         0      
    +--+----------------------------+-------+---------+---------+
       Total:                       2078    88        480    
                                                             
    C:/ti/simplelink_msp432p4_sdk_2_40_00_10/source/ti/drivers/lib/drivers_msp432p401x.aem4f
       PowerMSP432.oem4f            1848    0         696    
       GPIOMSP432.oem4f             940     12        108    
    +--+----------------------------+-------+---------+---------+
       Total:                       2788    12        804    
                                                             
    C:\ti\ccsv8\tools\compiler\ti-cgt-arm_18.1.4.LTS\lib\rtsv7M4_T_le_v4SPD16_eabi.lib
       memcpy_t2.asm.obj            156     0         0      
       memset_t2.asm.obj            122     0         0      
       copy_decompress_lzss.c.obj   104     0         0      
       autoinit.c.obj               68      0         0      
       boot_cortex_m.c.obj          56      0         0      
       copy_decompress_none.c.obj   14      0         0      
       copy_zero_init.c.obj         12      0         0      
       exit.c.obj                   4       0         0      
       pre_init.c.obj               4       0         0      
    +--+----------------------------+-------+---------+---------+
       Total:                       540     0         0      
                                                             
       Stack:                       0       0         2048   
       Linker Generated:            0       232       0      
    +--+----------------------------+-------+---------+---------+
       Grand Total:                 16942   746       74084  


LINKER GENERATED COPY TABLES

__TI_cinit_table @ 00004510 records: 3, size/record: 8, table size: 24
	.data: load addr=00004440, load size=000000b4 bytes, run addr=200081a8, run size=00000a22 bytes, compression=lzss
	.bss: load addr=00004500, load size=00000008 bytes, run addr=20000000, run size=000081a8 bytes, compression=zero_init
	.vtable: load addr=00004508, load size=00000008 bytes, run addr=20008c00, run size=000000e8 bytes, compression=zero_init


LINKER GENERATED HANDLER TABLE

__TI_handler_table @ 000044f4 records: 3, size/record: 4, table size: 12
	index: 0, handler: __TI_decompress_lzss
	index: 1, handler: __TI_decompress_none
	index: 2, handler: __TI_zero_init


GLOBAL SYMBOLS: SORTED ALPHABETICALLY BY Name 

address   name                              
-------   ----                              
0000437b  C$$EXIT                           
00004307  CPU_cpsid                         
00004313  CPU_cpsie                         
00003dc1  CS_clearInterruptFlag             
00001505  CS_getDCOFrequency                
00003f5d  CS_getMCLK                        
000040d9  CS_setExternalClockSourceFrequency
000018cd  CS_startHFXTWithTimeout           
000019b1  CS_startLFXTWithTimeout           
00004408  GPIOMSP432_config                 
00003d25  GPIO_enableInt                    
000030c1  GPIO_hwiIntFxn                    
000023fd  GPIO_init                         
00003741  GPIO_setCallback                  
00000a4d  GPIO_setConfig                    
00003b9d  GPIO_toggle                       
00003519  GPIO_write                        
00004139  HwiP_Params_init                  
00003459  HwiP_create                       
00003e81  HwiP_disable                      
000038d9  HwiP_dispatch                     
200081a8  HwiP_dispatchTable                
00003f85  HwiP_inISR                        
000040f9  HwiP_restore                      
00002c85  Interrupt_enableInterrupt         
00003575  Interrupt_registerInterrupt       
00003799  Interrupt_setPriority             
0000436f  MSP_EXP432P401R_initGeneral       
000041ad  PTLS_taskDeleteHook               
000043d0  PowerMSP432_config                
00001503  PowerMSP432_initPolicy            
20008b40  PowerMSP432_module                
200089a8  PowerMSP432_perfLevels            
00003b61  PowerMSP432_sleepPolicy           
00004351  PowerMSP432_updateFreqs           
00004321  Power_getConstraintMask           
00004211  Power_idleFunc                    
000027fd  Power_init                        
00000145  Power_sleep                       
00003ead  SemaphoreP_createBinary           
0000432d  SemaphoreP_delete                 
00003bd5  SemaphoreP_pend                   
00004095  SemaphoreP_post                   
000041e1  SysCtl_A_disableNMISource         
000041f9  SysCtl_A_enableNMISource          
0000429d  SysCtl_A_getNMISourceStatus       
000029d1  SysCtl_A_getTLVInfo               
000042ad  SysCtl_getNMISourceStatus         
4000480c  WDTCTL_SYM                        
20010000  __STACK_END                       
00000400  __STACK_SIZE                      
00004510  __TI_CINIT_Base                   
00004528  __TI_CINIT_Limit                  
000044f4  __TI_Handler_Table_Base           
00004500  __TI_Handler_Table_Limit          
00003969  __TI_auto_init_nobinit_nopinit    
00003129  __TI_decompress_lzss              
000042dd  __TI_decompress_none              
ffffffff  __TI_pprof_out_hndl               
ffffffff  __TI_prof_data_size               
ffffffff  __TI_prof_data_start              
00004440  __TI_static_base__                
00004339  __TI_zero_init                    
00002dfb  __aeabi_memclr                    
00002dfb  __aeabi_memclr4                   
00002dfb  __aeabi_memclr8                   
00002899  __aeabi_memcpy                    
00002899  __aeabi_memcpy4                   
00002899  __aeabi_memcpy8                   
00002dfd  __aeabi_memset                    
00002dfd  __aeabi_memset4                   
00002dfd  __aeabi_memset8                   
ffffffff  __binit__                         
ffffffff  __c_args__                        
UNDEFED   __mpu_init                        
2000fc00  __stack                           
00003c0d  _c_int00_noargs                   
00004025  _pthread_cleanup_pop              
UNDEFED   _system_post_cinit                
00004377  _system_pre_init                  
0000437b  abort                             
ffffffff  binit                             
20008c00  g_pfnRAMVectors                   
000042eb  gpioButtonFxn0                    
000042f9  gpioButtonFxn1                    
20008ba8  gpioCallbackFunctions             
20008b0c  gpioPinConfigs                    
00000000  interruptVectors                  
0000332d  main                              
000035d1  mainThread                        
00002899  memcpy                            
00002e03  memset                            
00004175  pthread_attr_init                 
000040b7  pthread_attr_setdetachstate       
00003ffd  pthread_attr_setschedparam        
00004239  pthread_attr_setstacksize         
00000d3d  pthread_create                    
00003689  pthread_exit                      
0000424d  pthread_self                      
00003a31  pthread_setcancelstate            
00000bc5  pvPortMalloc                      
00003ae9  pvTaskGetThreadLocalStoragePointer
00004191  pvTaskIncrementMutexHeldCount     
20008ad8  pxCurrentTCB                      
000034b9  pxPortInitialiseStack             
00004261  resetISR                          
0000441c  ulMaxSyscallInterruptPriority     
00001e11  ulPortGetIPSR                     
00003921  uxListRemove                      
0000211f  vApplicationMallocFailedHook      
0000435b  vApplicationStackOverflowHook     
00003df1  vListInitialise                   
000042bd  vListInitialiseItem               
00003261  vListInsert                       
00003b25  vListInsertEnd                    
00001ec5  vPortEnableVFP                    
0000388d  vPortEnterCritical                
00003e21  vPortExitCritical                 
00002935  vPortFree                         
00001e89  vPortSVCHandler                   
000031f9  vPortSetupTimerInterrupt          
00001ea9  vPortStartFirstTask               
00004365  vPortSuppressTicksAndSleep        
00002fdd  vPortValidateInterruptPriority    
00004071  vQueueDelete                      
000036e5  vQueueWaitForMessageRestricted    
000015fd  vTaskDelete                       
00004345  vTaskMissedYield                  
00003d8d  vTaskPlaceOnEventList             
000039f1  vTaskPlaceOnEventListRestricted   
00001ed5  vTaskPriorityInherit              
00003ed9  vTaskSetApplicationTaskTag        
00003ced  vTaskSetTimeOutState              
00002a65  vTaskStartScheduler               
000017e5  vTaskSuspend                      
000042cd  vTaskSuspendAll                   
00001c4d  vTaskSwitchContext                
00001e29  xPortPendSVHandler                
000024a9  xPortStartScheduler               
00003f05  xPortSysTickHandler               
000032c7  xQueueGenericCreate               
000006b5  xQueueGenericReceive              
00002295  xQueueGenericReset                
00000895  xQueueGenericSend                 
00001401  xQueueGenericSendFromISR          
000016f5  xQueueGiveFromISR                 
00001d29  xQueueReceiveFromISR              
00002555  xTaskCheckForTimeOut              
00002e75  xTaskCreate                       
00003f31  xTaskGetApplicationTaskTag        
00004275  xTaskGetCurrentTaskHandle         
00003e51  xTaskGetSchedulerState            
00004289  xTaskGetTickCount                 
00000e75  xTaskIncrementTick                
00001a91  xTaskPriorityDisinherit           
00002755  xTaskRemoveFromEventList          
000010c9  xTaskResumeAll                    
000037ed  xTimerCreateTimerTask             
00002c01  xTimerGenericCommand              


GLOBAL SYMBOLS: SORTED BY Symbol Address 

address   name                              
-------   ----                              
00000000  interruptVectors                  
00000145  Power_sleep                       
00000400  __STACK_SIZE                      
000006b5  xQueueGenericReceive              
00000895  xQueueGenericSend                 
00000a4d  GPIO_setConfig                    
00000bc5  pvPortMalloc                      
00000d3d  pthread_create                    
00000e75  xTaskIncrementTick                
000010c9  xTaskResumeAll                    
00001401  xQueueGenericSendFromISR          
00001503  PowerMSP432_initPolicy            
00001505  CS_getDCOFrequency                
000015fd  vTaskDelete                       
000016f5  xQueueGiveFromISR                 
000017e5  vTaskSuspend                      
000018cd  CS_startHFXTWithTimeout           
000019b1  CS_startLFXTWithTimeout           
00001a91  xTaskPriorityDisinherit           
00001c4d  vTaskSwitchContext                
00001d29  xQueueReceiveFromISR              
00001e11  ulPortGetIPSR                     
00001e29  xPortPendSVHandler                
00001e89  vPortSVCHandler                   
00001ea9  vPortStartFirstTask               
00001ec5  vPortEnableVFP                    
00001ed5  vTaskPriorityInherit              
0000211f  vApplicationMallocFailedHook      
00002295  xQueueGenericReset                
000023fd  GPIO_init                         
000024a9  xPortStartScheduler               
00002555  xTaskCheckForTimeOut              
00002755  xTaskRemoveFromEventList          
000027fd  Power_init                        
00002899  __aeabi_memcpy                    
00002899  __aeabi_memcpy4                   
00002899  __aeabi_memcpy8                   
00002899  memcpy                            
00002935  vPortFree                         
000029d1  SysCtl_A_getTLVInfo               
00002a65  vTaskStartScheduler               
00002c01  xTimerGenericCommand              
00002c85  Interrupt_enableInterrupt         
00002dfb  __aeabi_memclr                    
00002dfb  __aeabi_memclr4                   
00002dfb  __aeabi_memclr8                   
00002dfd  __aeabi_memset                    
00002dfd  __aeabi_memset4                   
00002dfd  __aeabi_memset8                   
00002e03  memset                            
00002e75  xTaskCreate                       
00002fdd  vPortValidateInterruptPriority    
000030c1  GPIO_hwiIntFxn                    
00003129  __TI_decompress_lzss              
000031f9  vPortSetupTimerInterrupt          
00003261  vListInsert                       
000032c7  xQueueGenericCreate               
0000332d  main                              
00003459  HwiP_create                       
000034b9  pxPortInitialiseStack             
00003519  GPIO_write                        
00003575  Interrupt_registerInterrupt       
000035d1  mainThread                        
00003689  pthread_exit                      
000036e5  vQueueWaitForMessageRestricted    
00003741  GPIO_setCallback                  
00003799  Interrupt_setPriority             
000037ed  xTimerCreateTimerTask             
0000388d  vPortEnterCritical                
000038d9  HwiP_dispatch                     
00003921  uxListRemove                      
00003969  __TI_auto_init_nobinit_nopinit    
000039f1  vTaskPlaceOnEventListRestricted   
00003a31  pthread_setcancelstate            
00003ae9  pvTaskGetThreadLocalStoragePointer
00003b25  vListInsertEnd                    
00003b61  PowerMSP432_sleepPolicy           
00003b9d  GPIO_toggle                       
00003bd5  SemaphoreP_pend                   
00003c0d  _c_int00_noargs                   
00003ced  vTaskSetTimeOutState              
00003d25  GPIO_enableInt                    
00003d8d  vTaskPlaceOnEventList             
00003dc1  CS_clearInterruptFlag             
00003df1  vListInitialise                   
00003e21  vPortExitCritical                 
00003e51  xTaskGetSchedulerState            
00003e81  HwiP_disable                      
00003ead  SemaphoreP_createBinary           
00003ed9  vTaskSetApplicationTaskTag        
00003f05  xPortSysTickHandler               
00003f31  xTaskGetApplicationTaskTag        
00003f5d  CS_getMCLK                        
00003f85  HwiP_inISR                        
00003ffd  pthread_attr_setschedparam        
00004025  _pthread_cleanup_pop              
00004071  vQueueDelete                      
00004095  SemaphoreP_post                   
000040b7  pthread_attr_setdetachstate       
000040d9  CS_setExternalClockSourceFrequency
000040f9  HwiP_restore                      
00004139  HwiP_Params_init                  
00004175  pthread_attr_init                 
00004191  pvTaskIncrementMutexHeldCount     
000041ad  PTLS_taskDeleteHook               
000041e1  SysCtl_A_disableNMISource         
000041f9  SysCtl_A_enableNMISource          
00004211  Power_idleFunc                    
00004239  pthread_attr_setstacksize         
0000424d  pthread_self                      
00004261  resetISR                          
00004275  xTaskGetCurrentTaskHandle         
00004289  xTaskGetTickCount                 
0000429d  SysCtl_A_getNMISourceStatus       
000042ad  SysCtl_getNMISourceStatus         
000042bd  vListInitialiseItem               
000042cd  vTaskSuspendAll                   
000042dd  __TI_decompress_none              
000042eb  gpioButtonFxn0                    
000042f9  gpioButtonFxn1                    
00004307  CPU_cpsid                         
00004313  CPU_cpsie                         
00004321  Power_getConstraintMask           
0000432d  SemaphoreP_delete                 
00004339  __TI_zero_init                    
00004345  vTaskMissedYield                  
00004351  PowerMSP432_updateFreqs           
0000435b  vApplicationStackOverflowHook     
00004365  vPortSuppressTicksAndSleep        
0000436f  MSP_EXP432P401R_initGeneral       
00004377  _system_pre_init                  
0000437b  C$$EXIT                           
0000437b  abort                             
000043d0  PowerMSP432_config                
00004408  GPIOMSP432_config                 
0000441c  ulMaxSyscallInterruptPriority     
00004440  __TI_static_base__                
000044f4  __TI_Handler_Table_Base           
00004500  __TI_Handler_Table_Limit          
00004510  __TI_CINIT_Base                   
00004528  __TI_CINIT_Limit                  
200081a8  HwiP_dispatchTable                
200089a8  PowerMSP432_perfLevels            
20008ad8  pxCurrentTCB                      
20008b0c  gpioPinConfigs                    
20008b40  PowerMSP432_module                
20008ba8  gpioCallbackFunctions             
20008c00  g_pfnRAMVectors                   
2000fc00  __stack                           
20010000  __STACK_END                       
4000480c  WDTCTL_SYM                        
ffffffff  __TI_pprof_out_hndl               
ffffffff  __TI_prof_data_size               
ffffffff  __TI_prof_data_start              
ffffffff  __binit__                         
ffffffff  __c_args__                        
ffffffff  binit                             
UNDEFED   __mpu_init                        
UNDEFED   _system_post_cinit                

[159 symbols]
