******************************************************************************
                  TI ARM Linker PC v18.1.4                     
******************************************************************************
>> Linked Sun Feb 17 18:28:53 2019

OUTPUT FILE NAME:   <3DPOV_Main_Board.out>
ENTRY POINT SYMBOL: "_c_int00"  address: 00000088


MEMORY CONFIGURATION

         name            origin    length      used     unused   attr    fill
----------------------  --------  ---------  --------  --------  ----  --------
  RAM                   00000020   ffffffe0  000008e0  fffff700  RWIX


SEGMENT ALLOCATION MAP

run origin  load origin   length   init length attrs members
----------  ----------- ---------- ----------- ----- -------
00000020    00000020    000000e0   000000e0    r-x
  00000020    00000020    000000e0   000000e0    r-x .text
00000100    00000100    00000800   00000000    rw-
  00000100    00000100    00000800   00000000    rw- .stack


SECTION ALLOCATION MAP

 output                                  attributes/
section   page    origin      length       input sections
--------  ----  ----------  ----------   ----------------
.text      0    00000020    000000e0     
                  00000020    00000068     rtsv4_A_be_eabi.lib : autoinit.c.obj (.text:__TI_auto_init_nobinit_nopinit:__TI_auto_init_nobinit_nopinit)
                  00000088    0000003c                         : boot_non_cortex_m.asm.obj (.text)
                  000000c4    00000020                         : args_main.c.obj (.text:_args_main)
                  000000e4    00000008                         : pre_init.c.obj (.text:_system_pre_init)
                  000000ec    00000008                         : exit.c.obj (.text:abort:abort)
                  000000f4    00000008     main.obj (.text)
                  000000fc    00000004     rtsv4_A_be_eabi.lib : mpu_init.c.obj (.text:__mpu_init)

.init_array 
*          0    00000020    00000000     UNINITIALIZED

.stack     0    00000100    00000800     UNINITIALIZED
                  00000100    00000800     --HOLE--

MODULE SUMMARY

       Module                      code   ro data   rw data
       ------                      ----   -------   -------
    .\
       main.obj                    8      0         0      
    +--+---------------------------+------+---------+---------+
       Total:                      8      0         0      
                                                           
    C:\ti\ccsv8\tools\compiler\ti-cgt-arm_18.1.4.LTS\lib\rtsv4_A_be_eabi.lib
       autoinit.c.obj              104    0         0      
       boot_non_cortex_m.asm.obj   60     0         0      
       args_main.c.obj             32     0         0      
       exit.c.obj                  8      0         0      
       pre_init.c.obj              8      0         0      
       mpu_init.c.obj              4      0         0      
    +--+---------------------------+------+---------+---------+
       Total:                      216    0         0      
                                                           
       Stack:                      0      0         2048   
    +--+---------------------------+------+---------+---------+
       Grand Total:                224    0         2048   


GLOBAL SYMBOLS: SORTED ALPHABETICALLY BY Name 

address   name                          
-------   ----                          
000000ec  C$$EXIT                       
00000900  __STACK_END                   
00000800  __STACK_SIZE                  
UNDEFED   __TI_CINIT_Base               
UNDEFED   __TI_CINIT_Limit              
UNDEFED   __TI_Handler_Table_Base       
UNDEFED   __TI_Handler_Table_Limit      
00000020  __TI_auto_init_nobinit_nopinit
ffffffff  __TI_pprof_out_hndl           
ffffffff  __TI_prof_data_size           
ffffffff  __TI_prof_data_start          
00000020  __TI_static_base__            
ffffffff  __binit__                     
ffffffff  __c_args__                    
000000fc  __mpu_init                    
00000100  __stack                       
000000c4  _args_main                    
00000088  _c_int00                      
UNDEFED   _system_post_cinit            
000000e4  _system_pre_init              
000000ec  abort                         
ffffffff  binit                         
000000f4  main                          


GLOBAL SYMBOLS: SORTED BY Symbol Address 

address   name                          
-------   ----                          
00000020  __TI_auto_init_nobinit_nopinit
00000020  __TI_static_base__            
00000088  _c_int00                      
000000c4  _args_main                    
000000e4  _system_pre_init              
000000ec  C$$EXIT                       
000000ec  abort                         
000000f4  main                          
000000fc  __mpu_init                    
00000100  __stack                       
00000800  __STACK_SIZE                  
00000900  __STACK_END                   
ffffffff  __TI_pprof_out_hndl           
ffffffff  __TI_prof_data_size           
ffffffff  __TI_prof_data_start          
ffffffff  __binit__                     
ffffffff  __c_args__                    
ffffffff  binit                         
UNDEFED   __TI_CINIT_Base               
UNDEFED   __TI_CINIT_Limit              
UNDEFED   __TI_Handler_Table_Base       
UNDEFED   __TI_Handler_Table_Limit      
UNDEFED   _system_post_cinit            

[23 symbols]
